// Jest Snapshot v1, https://goo.gl/fbAQLP

exports[`BlogArticles render 1`] = `
<div class="BlogArticles">
  <blog-article-stub headingtag="h2" article="[object Object]"></blog-article-stub>
  <blog-article-stub headingtag="h2" article="[object Object]"></blog-article-stub>
</div>
`;
