// Jest Snapshot v1, https://goo.gl/fbAQLP

exports[`IndexCanvas render 1`] = `<div class="IndexCanvas"><canvas width="0" height="0"></canvas></div>`;
