// Jest Snapshot v1, https://goo.gl/fbAQLP

exports[`PostsArticles render 1`] = `
<div class="PostsArticles">
  <postsarticle-stub article="[object Object]"></postsarticle-stub>
  <postsarticle-stub article="[object Object]"></postsarticle-stub>
</div>
`;
