// Jest Snapshot v1, https://goo.gl/fbAQLP

exports[`VFooter render 1`] = `
<div class="VFooter">
  <div class="VFooter-Copyright"><small>Â© 2018 Tyankatsu Sketch Book</small></div>
</div>
`;
