// Jest Snapshot v1, https://goo.gl/fbAQLP

exports[`VHeader render 1`] = `
<header class="VHeader">
  <headeropenbutton-stub></headeropenbutton-stub>
  <!---->
</header>
`;
