// Jest Snapshot v1, https://goo.gl/fbAQLP

exports[`Default render 1`] = `
<div class="Default">
  <vheader-stub></vheader-stub> <span name="page" tag="main" appear=""><div class="Default_Contents"></div></span>
  <vfooter-stub></vfooter-stub>
</div>
`;
