// Jest Snapshot v1, https://goo.gl/fbAQLP

exports[`ArticleCategory render 1`] = `
<g-link to="hogehoge.com" class="ArticleCategory">
  aaaaa
</g-link>
`;
