// Jest Snapshot v1, https://goo.gl/fbAQLP

exports[`HeaderCloseButton render 1`] = `
<button class="HeaderCloseButton">
  <fontawesomeicon-stub icon="times"></fontawesomeicon-stub>
</button>
`;
