// Jest Snapshot v1, https://goo.gl/fbAQLP

exports[`HeaderOpenButton render 1`] = `
<button type="button" class="HeaderOpenButton">
  Menu
</button>
`;
