// Jest Snapshot v1, https://goo.gl/fbAQLP

exports[`LinkButtonPrimary render 1`] = `
<g-link class="LinkButtonPrimary">

</g-link>
`;
