// Jest Snapshot v1, https://goo.gl/fbAQLP

exports[`PageHeader render 1`] = `
<h1 class="PageHeader">
  aaaaaaaa
</h1>
`;
