// Jest Snapshot v1, https://goo.gl/fbAQLP

exports[`VIcon render 1`] = `<div class="VIcon"><svg class="icon"></svg></div>`;
