// Jest Snapshot v1, https://goo.gl/fbAQLP

exports[`BlogArticleDate render 1`] = `
<div class="BlogArticleDate">
  <font-awesome-icon-stub icon="[object Object]"></font-awesome-icon-stub> <time datetime="2018.12.15" class="BlogArticleDate-DateText">
    2018.12.15
  </time>
</div>
`;
