// Jest Snapshot v1, https://goo.gl/fbAQLP

exports[`PostsArticleCategory render 1`] = `
<div class="PostsArticleCategory">
  <fontawesomeicon-stub icon="[object Object]"></fontawesomeicon-stub>
  <p class="PostsArticleCategory-CategoryText">
    カテゴリ
  </p>
</div>
`;
