// Jest Snapshot v1, https://goo.gl/fbAQLP

exports[`SnsLists render 1`] = `
<div class="SnsLists">
  <div class="SnsLists-ContentsBox"><button type="button" class="SnsLists-Button">
      <font-awesome-icon icon="[object Object]"></font-awesome-icon>
    </button>
    <div class="SnsLists-Item _twitter"><a href="https://twitter.com/share?text=shareするテキスト&amp;url=http://localhost/&amp;hashtags=TyankatsuSB" onclick="window.open(encodeURI(decodeURI(this.href)), 'tweetwindow', 'width=650, height=470, personalbar=0, toolbar=0, scrollbars=1, sizable=1'); return false;" rel="nofollow" class="SnsLists-Link">
        <font-awesome-icon icon="[object Object]"></font-awesome-icon>
      </a></div>
    <div class="SnsLists-Item _hatena"><a href="http://b.hatena.ne.jp/entry/http://localhost/" target="_blank" title="このエントリーをはてなブックマークに追加" class="SnsLists-Link ">
        <v-icon-stub name="hatena" class="SnsLists-LinkIcon"></v-icon-stub>
      </a></div>
    <div class="SnsLists-Item _pocket"><a href="http://getpocket.com/edit?url=http://localhost/&amp;title=shareするテキスト" onclick="window.open(this.href, 'PCwindow', 'width=550, height=350, menubar=no, toolbar=no, scrollbars=yes'); return false;" class="SnsLists-Link ">
        <font-awesome-icon icon="[object Object]"></font-awesome-icon>
      </a></div>
  </div>
</div>
`;
